** Drc report for STM_tag.kicad_pcb **
** Created on 2026-06-28T16:39:49+0530 **

** Found 30 DRC violations **
[silk_edge_clearance]: Silkscreen clipped by board edge
    Rule: board setup constraints silk; warning
    @(202.9497 mm, 42.3500 mm): Segment on Edge.Cuts
    @(199.0828 mm, 34.0200 mm): Segment of IC1 on F.Silkscreen
[silk_edge_clearance]: Silkscreen clipped by board edge
    Rule: board setup constraints silk; warning
    @(202.9497 mm, 42.3500 mm): Segment on Edge.Cuts
    @(186.0828 mm, 42.5700 mm): Segment of IC1 on F.Silkscreen
[silk_edge_clearance]: Silkscreen clipped by board edge
    Rule: board setup constraints silk; warning
    @(189.8750 mm, 66.6000 mm): Segment on Edge.Cuts
    @(196.9433 mm, 66.2137 mm): Segment of U3 on B.Silkscreen
[silk_edge_clearance]: Silkscreen clipped by board edge
    Rule: board setup constraints silk; warning
    @(192.5458 mm, 53.4750 mm): Arc on Edge.Cuts
    @(177.7500 mm, 53.1000 mm): Reference field of C17
[lib_footprint_mismatch]: Footprint 'WSON-10-1EP_2.5x2.5mm_P0.5mm_EP1.2x2mm_ThermalVias' does not match copy in library 'Package_SON'.
    Local override; warning
    @(181.6625 mm, 58.6500 mm): Footprint U6
[lib_footprint_mismatch]: Footprint 'SIP-LGA76_STM' does not match copy in library 'footprints'.
    Local override; warning
    @(192.7650 mm, 59.7875 mm): Footprint U3
[lib_footprint_mismatch]: Footprint 'L_0603_1608Metric' does not match copy in library 'Inductor_SMD'.
    Local override; warning
    @(184.8250 mm, 58.6750 mm): Footprint L1
[silk_over_copper]: Silkscreen clipped by solder mask
    Local override; warning
    @(203.7500 mm, 51.4720 mm): Reference field of TP5
[silk_over_copper]: Silkscreen clipped by solder mask
    Local override; warning
    @(203.7500 mm, 56.5520 mm): Reference field of TP6
[silk_over_copper]: Silkscreen clipped by solder mask
    Local override; warning
    @(183.3550 mm, 61.4600 mm): Reference field of R8
[silk_over_copper]: Silkscreen clipped by solder mask
    Local override; warning
    @(203.7500 mm, 59.0920 mm): Reference field of TP7
[silk_over_copper]: Silkscreen clipped by solder mask
    Local override; warning
    @(181.3016 mm, 50.7086 mm): Reference field of C9
[silk_over_copper]: Silkscreen clipped by solder mask
    Local override; warning
    @(202.7950 mm, 49.8000 mm): Reference field of R3
[silk_over_copper]: Silkscreen clipped by solder mask
    Local override; warning
    @(203.7500 mm, 54.0120 mm): Reference field of TP4
[silk_over_copper]: Silkscreen clipped by solder mask
    Local override; warning
    @(192.7650 mm, 59.7875 mm): Reference field of U3
[silk_over_copper]: Silkscreen clipped by solder mask
    Local override; warning
    @(190.7286 mm, 50.7000 mm): Reference field of C3
[silk_overlap]: Silkscreen overlap
    Rule: board setup constraints silk; warning
    @(203.7600 mm, 50.3800 mm): Circle of TP3 on F.Silkscreen
    @(203.7500 mm, 51.4720 mm): Reference field of TP5
[silk_overlap]: Silkscreen overlap
    Rule: board setup constraints silk; warning
    @(203.7600 mm, 50.3800 mm): Circle of TP3 on F.Silkscreen
    @(202.7950 mm, 49.8000 mm): Reference field of R3
[silk_overlap]: Silkscreen overlap
    Rule: board setup constraints silk; warning
    @(203.7500 mm, 54.0120 mm): Reference field of TP4
    @(203.7500 mm, 52.9200 mm): Circle of TP5 on F.Silkscreen
[silk_overlap]: Silkscreen overlap
    Rule: board setup constraints silk; warning
    @(203.7500 mm, 56.5520 mm): Reference field of TP6
    @(203.7500 mm, 55.4600 mm): Circle of TP4 on F.Silkscreen
[silk_overlap]: Silkscreen overlap
    Rule: board setup constraints silk; warning
    @(202.7950 mm, 49.8000 mm): Reference field of R3
    @(203.7600 mm, 48.9320 mm): Reference field of TP3
[silk_overlap]: Silkscreen overlap
    Rule: board setup constraints silk; warning
    @(203.7500 mm, 58.0000 mm): Circle of TP6 on F.Silkscreen
    @(203.7500 mm, 59.0920 mm): Reference field of TP7
[silk_overlap]: Silkscreen overlap
    Rule: board setup constraints silk; warning
    @(182.5000 mm, 60.5770 mm): Reference field of TP1
    @(183.3550 mm, 61.4600 mm): Reference field of R8
[silk_overlap]: Silkscreen overlap
    Rule: board setup constraints silk; warning
    @(183.2000 mm, 61.3250 mm): Segment of TP1 on F.Silkscreen
    @(183.3550 mm, 61.4600 mm): Reference field of R8
[silk_overlap]: Silkscreen overlap
    Rule: board setup constraints silk; warning
    @(181.8000 mm, 61.3250 mm): Segment of TP1 on F.Silkscreen
    @(183.3550 mm, 61.4600 mm): Reference field of R8
[silk_overlap]: Silkscreen overlap
    Rule: board setup constraints silk; warning
    @(180.8524 mm, 51.2888 mm): Segment of C1 on F.Silkscreen
    @(181.3016 mm, 50.7086 mm): Reference field of C9
[silk_overlap]: Silkscreen overlap
    Rule: board setup constraints silk; warning
    @(188.5867 mm, 66.2137 mm): Segment of U3 on B.Silkscreen
    @(188.4272 mm, 65.5750 mm): Footprint text of U3 (*)
[silk_overlap]: Silkscreen overlap
    Rule: board setup constraints silk; warning
    @(188.5867 mm, 66.2137 mm): Segment of U3 on B.Silkscreen
    @(188.4272 mm, 65.5750 mm): Footprint text of U3 (*)
[silk_overlap]: Silkscreen overlap
    Rule: board setup constraints silk; warning
    @(190.0000 mm, 52.8550 mm): Reference field of C7
    @(188.5867 mm, 53.3613 mm): Segment of U3 on B.Silkscreen
[silk_overlap]: Silkscreen overlap
    Rule: board setup constraints silk; warning
    @(190.7286 mm, 50.7000 mm): Reference field of C3
    @(189.8594 mm, 50.9150 mm): Segment of C7 on B.Silkscreen

** Found 0 unconnected pads **

** Found 0 Footprint errors **

** End of Report **
